C:\dev\Statki_OpenGL\src\main\java\com\bartskys\statki\GameController.java
C:\dev\Statki_OpenGL\src\main\java\com\bartskys\statki\utils\ShaderUtils.java
C:\dev\Statki_OpenGL\src\main\java\com\bartskys\statki\math\Vector3f.java
C:\dev\Statki_OpenGL\src\main\java\com\bartskys\statki\utils\FileUtils.java
C:\dev\Statki_OpenGL\src\main\java\com\bartskys\statki\model\Sign.java
C:\dev\Statki_OpenGL\src\main\java\com\bartskys\statki\model\Player.java
C:\dev\Statki_OpenGL\src\main\java\com\bartskys\statki\model\Bullet.java
C:\dev\Statki_OpenGL\src\main\java\com\bartskys\statki\graphics\VertexArray.java
C:\dev\Statki_OpenGL\src\main\java\com\bartskys\statki\input\MouseInputPos.java
C:\dev\Statki_OpenGL\src\main\java\com\bartskys\statki\math\Matrix4f.java
C:\dev\Statki_OpenGL\src\main\java\com\bartskys\statki\model\ShipEnum.java
C:\dev\Statki_OpenGL\src\main\java\com\bartskys\statki\model\Ship.java
C:\dev\Statki_OpenGL\src\main\java\com\bartskys\statki\graphics\Shader.java
C:\dev\Statki_OpenGL\src\main\java\com\bartskys\statki\model\RenderBox.java
C:\dev\Statki_OpenGL\src\main\java\com\bartskys\statki\Main.java
C:\dev\Statki_OpenGL\src\main\java\com\bartskys\statki\model\Tile.java
C:\dev\Statki_OpenGL\src\main\java\com\bartskys\statki\graphics\Texture.java
C:\dev\Statki_OpenGL\src\main\java\com\bartskys\statki\utils\BufferUtils.java
C:\dev\Statki_OpenGL\src\main\java\com\bartskys\statki\model\Particle.java
C:\dev\Statki_OpenGL\src\main\java\com\bartskys\statki\input\MouseInputClick.java
C:\dev\Statki_OpenGL\src\main\java\com\bartskys\statki\ViewRenderer.java
C:\dev\Statki_OpenGL\src\main\java\com\bartskys\statki\input\Input.java
